stm32l4xx_it.c:65:6:NMI_Handler	0	static
stm32l4xx_it.c:74:6:HardFault_Handler	0	static
stm32l4xx_it.c:87:6:MemManage_Handler	0	static
stm32l4xx_it.c:100:6:BusFault_Handler	0	static
stm32l4xx_it.c:113:6:UsageFault_Handler	0	static
stm32l4xx_it.c:127:6:SVC_Handler	0	static
stm32l4xx_it.c:137:6:DebugMon_Handler	0	static
stm32l4xx_it.c:146:6:PendSV_Handler	0	static
stm32l4xx_it.c:155:6:SysTick_Handler	8	static
stm32l4xx_it.c:173:6:EXTI15_10_IRQHandler	0	static
stm32l4xx_it.c:179:6:EXTI1_IRQHandler	0	static
