stm32l475e_iot01.c:442:13:I2Cx_Init.constprop	56	static
stm32l475e_iot01.c:543:13:I2Cx_Error.isra.2.constprop	8	static
stm32l475e_iot01.c:158:10:BSP_GetVersion	0	static
stm32l475e_iot01.c:169:6:BSP_LED_Init	32	static
stm32l475e_iot01.c:189:6:BSP_LED_DeInit	16	static
stm32l475e_iot01.c:207:6:BSP_LED_On	0	static
stm32l475e_iot01.c:218:6:BSP_LED_Off	0	static
stm32l475e_iot01.c:229:6:BSP_LED_Toggle	0	static
stm32l475e_iot01.c:245:6:BSP_PB_Init	32	static
stm32l475e_iot01.c:286:6:BSP_PB_DeInit	8	static
stm32l475e_iot01.c:303:10:BSP_PB_GetState	8	static
stm32l475e_iot01.c:316:6:BSP_COM_Init	56	static
stm32l475e_iot01.c:354:6:BSP_COM_DeInit	8	static
stm32l475e_iot01.c:565:6:SENSOR_IO_Init	0	static
stm32l475e_iot01.c:574:6:SENSOR_IO_DeInit	8	static
stm32l475e_iot01.c:586:6:SENSOR_IO_Write	32	static
stm32l475e_iot01.c:597:9:SENSOR_IO_Read	32	static
stm32l475e_iot01.c:615:10:SENSOR_IO_ReadMultiple	24	static
stm32l475e_iot01.c:629:6:SENSOR_IO_WriteMultiple	24	static
stm32l475e_iot01.c:641:19:SENSOR_IO_IsDeviceReady	0	static
stm32l475e_iot01.c:651:6:SENSOR_IO_Delay	0	static
stm32l475e_iot01.c:663:6:NFC_IO_Init	32	static
stm32l475e_iot01.c:705:6:NFC_IO_DeInit	0	static
stm32l475e_iot01.c:768:12:NFC_IO_IsDeviceReady	24	static
stm32l475e_iot01.c:717:10:NFC_IO_ReadMultiple	32	static
stm32l475e_iot01.c:743:11:NFC_IO_WriteMultiple	32	static
stm32l475e_iot01.c:797:6:NFC_IO_ReadState	8	static
stm32l475e_iot01.c:806:6:NFC_IO_RfDisable	0	static
stm32l475e_iot01.c:816:6:NFC_IO_Delay	0	static
