vl53l0x_api_calibration.c:86:15:VL53L0X_perform_xtalk_calibration	72	static
vl53l0x_api_calibration.c:225:15:VL53L0X_perform_offset_calibration	64	static
vl53l0x_api_calibration.c:324:15:VL53L0X_set_offset_calibration_data_micro_meter	0	static
vl53l0x_api_calibration.c:361:15:VL53L0X_get_offset_calibration_data_micro_meter	16	static
vl53l0x_api_calibration.c:393:15:VL53L0X_apply_offset_adjustment	24	static
vl53l0x_api_calibration.c:433:6:get_next_good_spad	20	static
vl53l0x_api_calibration.c:482:9:is_aperture	0	static
vl53l0x_api_calibration.c:498:15:enable_spad_bit	0	static
vl53l0x_api_calibration.c:516:15:count_enabled_spads	32	static
vl53l0x_api_calibration.c:574:15:set_ref_spad_map	0	static
vl53l0x_api_calibration.c:582:15:get_ref_spad_map	0	static
vl53l0x_api_calibration.c:591:15:enable_ref_spads	64	static
vl53l0x_api_calibration.c:664:15:perform_ref_signal_measurement	48	static
vl53l0x_api_calibration.c:975:15:VL53L0X_set_reference_spads	48	static
vl53l0x_api_calibration.c:1042:15:VL53L0X_get_reference_spads	40	static
vl53l0x_api_calibration.c:1097:15:VL53L0X_perform_single_ref_calibration	8	static
vl53l0x_api_calibration.c:1120:15:VL53L0X_ref_calibration_io	48	static
vl53l0x_api_calibration.c:1155:15:VL53L0X_perform_vhv_calibration	56	static
vl53l0x_api_calibration.c:1200:15:VL53L0X_perform_phase_calibration	56	static
vl53l0x_api_calibration.c:1245:15:VL53L0X_perform_ref_calibration	24	static
vl53l0x_api_calibration.c:711:15:VL53L0X_perform_ref_spad_management	112	static
vl53l0x_api_calibration.c:1280:15:VL53L0X_set_ref_calibration	32	static
vl53l0x_api_calibration.c:1295:15:VL53L0X_get_ref_calibration	24	static
