vl53l0x_api.c:62:15:VL53L0X_GetVersion	0	static
vl53l0x_api.c:77:15:VL53L0X_GetPalSpecVersion	0	static
vl53l0x_api.c:93:15:VL53L0X_GetProductRevision	24	static
vl53l0x_api.c:111:15:VL53L0X_GetDeviceInfo	0	static
vl53l0x_api.c:123:15:VL53L0X_GetDeviceErrorStatus	16	static
vl53l0x_api.c:141:15:VL53L0X_GetDeviceErrorString	0	static
vl53l0x_api.c:154:15:VL53L0X_GetRangeStatusString	0	static
vl53l0x_api.c:167:15:VL53L0X_GetPalErrorString	0	static
vl53l0x_api.c:179:15:VL53L0X_GetPalStateString	0	static
vl53l0x_api.c:191:15:VL53L0X_GetPalState	0	static
vl53l0x_api.c:237:15:VL53L0X_GetPowerMode	16	static
vl53l0x_api.c:260:15:VL53L0X_SetOffsetCalibrationDataMicroMeter	0	static
vl53l0x_api.c:273:15:VL53L0X_GetOffsetCalibrationDataMicroMeter	0	static
vl53l0x_api.c:286:15:VL53L0X_SetLinearityCorrectiveGain	0	static
vl53l0x_api.c:309:15:VL53L0X_GetLinearityCorrectiveGain	0	static
vl53l0x_api.c:321:15:VL53L0X_SetGroupParamHold	0	static
vl53l0x_api.c:332:15:VL53L0X_GetUpperLimitMilliMeter	0	static
vl53l0x_api.c:344:15:VL53L0X_GetTotalSignalRate	56	static
vl53l0x_api.c:364:15:VL53L0X_SetDeviceAddress	0	static
vl53l0x_api.c:507:15:VL53L0X_SetTuningSettingBuffer	0	static
vl53l0x_api.c:534:15:VL53L0X_GetTuningSettingBuffer	0	static
vl53l0x_api.c:728:15:VL53L0X_WaitDeviceBooted	0	static
vl53l0x_api.c:739:15:VL53L0X_ResetDevice	16	static
vl53l0x_api.c:895:15:VL53L0X_SetDeviceMode	0	static
vl53l0x_api.c:919:15:VL53L0X_GetDeviceMode	0	static
vl53l0x_api.c:931:15:VL53L0X_SetRangeFractionEnable	16	static
vl53l0x_api.c:946:15:VL53L0X_GetFractionEnable	8	static
vl53l0x_api.c:960:15:VL53L0X_SetHistogramMode	0	static
vl53l0x_api.c:972:15:VL53L0X_GetHistogramMode	0	static
vl53l0x_api.c:984:15:VL53L0X_SetMeasurementTimingBudgetMicroSeconds	0	static
vl53l0x_api.c:998:15:VL53L0X_GetMeasurementTimingBudgetMicroSeconds	0	static
vl53l0x_api.c:1011:15:VL53L0X_SetVcselPulsePeriod	0	static
vl53l0x_api.c:1024:15:VL53L0X_GetVcselPulsePeriod	0	static
vl53l0x_api.c:1037:15:VL53L0X_SetSequenceStepEnable	32	static
vl53l0x_api.c:1126:15:sequence_step_enabled	0	static
vl53l0x_api.c:1158:15:VL53L0X_GetSequenceStepEnable	24	static
vl53l0x_api.c:1177:15:VL53L0X_GetSequenceStepEnables	16	static
vl53l0x_api.c:1217:15:VL53L0X_GetNumberOfSequenceSteps	0	static
vl53l0x_api.c:1229:15:VL53L0X_GetSequenceStepsInfo	0	static
vl53l0x_api.c:1244:15:VL53L0X_SetSequenceStepTimeout	24	static
vl53l0x_api.c:1298:15:VL53L0X_GetSequenceStepTimeout	16	static
vl53l0x_api.c:1320:15:VL53L0X_SetInterMeasurementPeriodMilliSeconds	24	static
vl53l0x_api.c:1356:15:VL53L0X_GetInterMeasurementPeriodMilliSeconds	24	static
vl53l0x_api.c:1388:15:VL53L0X_SetXTalkCompensationEnable	16	static
vl53l0x_api.c:1426:15:VL53L0X_GetXTalkCompensationEnable	0	static
vl53l0x_api.c:1440:15:VL53L0X_SetXTalkCompensationRateMegaCps	16	static
vl53l0x_api.c:1478:15:VL53L0X_GetXTalkCompensationRateMegaCps	24	static
vl53l0x_api.c:1511:15:VL53L0X_SetRefCalibration	0	static
vl53l0x_api.c:1523:15:VL53L0X_GetRefCalibration	0	static
vl53l0x_api.c:1539:15:VL53L0X_GetNumberOfLimitCheck	0	static
vl53l0x_api.c:1550:15:VL53L0X_GetLimitCheckInfo	0	static
vl53l0x_api.c:1564:15:VL53L0X_GetLimitCheckStatus	0	static
vl53l0x_api.c:1587:15:VL53L0X_SetLimitCheckEnable	16	static
vl53l0x_api.c:1690:15:VL53L0X_GetLimitCheckEnable	0	static
vl53l0x_api.c:1711:15:VL53L0X_SetLimitCheckValue	16	static
vl53l0x_api.c:1788:15:VL53L0X_GetLimitCheckValue	24	static
vl53l0x_api.c:1879:15:VL53L0X_GetLimitCheckCurrent	0	static
vl53l0x_api.c:1953:15:VL53L0X_SetWrapAroundCheckEnable	24	static
vl53l0x_api.c:780:15:VL53L0X_SetDeviceParameters	24	static
vl53l0x_api.c:1985:15:VL53L0X_GetWrapAroundCheckEnable	24	static
vl53l0x_api.c:831:15:VL53L0X_GetDeviceParameters	24	static
vl53l0x_api.c:376:15:VL53L0X_DataInit	88	static
vl53l0x_api.c:2010:15:VL53L0X_SetDmaxCalParameters	8	static
vl53l0x_api.c:2044:15:VL53L0X_GetDmaxCalParameters	0	static
vl53l0x_api.c:2093:15:VL53L0X_PerformSingleHistogramMeasurement	0	static
vl53l0x_api.c:2105:15:VL53L0X_PerformRefCalibration	0	static
vl53l0x_api.c:2118:15:VL53L0X_PerformXTalkMeasurement	0	static
vl53l0x_api.c:2131:15:VL53L0X_PerformXTalkCalibration	0	static
vl53l0x_api.c:2145:15:VL53L0X_PerformOffsetCalibration	0	static
vl53l0x_api.c:2334:15:VL53L0X_WaitDeviceReadyForNewMeasurement	0	static
vl53l0x_api.c:2347:15:VL53L0X_GetRangingMeasurementData	88	static
vl53l0x_api.c:2502:15:VL53L0X_GetMeasurementRefSignal	0	static
vl53l0x_api.c:2515:15:VL53L0X_GetHistogramMeasurementData	0	static
vl53l0x_api.c:2553:15:VL53L0X_SetNumberOfROIZones	0	static
vl53l0x_api.c:2568:15:VL53L0X_GetNumberOfROIZones	0	static
vl53l0x_api.c:2581:15:VL53L0X_GetMaxNumberOfROIZones	0	static
vl53l0x_api.c:2691:15:VL53L0X_GetGpioConfig	32	static
vl53l0x_api.c:2762:15:VL53L0X_SetInterruptThresholds	16	static
vl53l0x_api.c:2786:15:VL53L0X_GetInterruptThresholds	32	static
vl53l0x_api.c:2158:15:VL53L0X_CheckAndLoadInterruptSettings	24	static
vl53l0x_api.c:2204:15:VL53L0X_StartMeasurement	24	static
vl53l0x_api.c:2062:15:VL53L0X_PerformSingleMeasurement	16	static
vl53l0x_api.c:2279:15:VL53L0X_StopMeasurement	8	static
vl53l0x_api.c:2812:15:VL53L0X_GetStopCompletedStatus	24	static
vl53l0x_api.c:2834:15:VL53L0X_ClearInterruptMask	24	static
vl53l0x_api.c:2525:15:VL53L0X_PerformSingleRangingMeasurement	16	static
vl53l0x_api.c:2596:15:VL53L0X_SetGpioConfig.part.2	16	static
vl53l0x_api.c:2596:15:VL53L0X_SetGpioConfig	4	static
vl53l0x_api.c:549:15:VL53L0X_StaticInit	96	static
vl53l0x_api.c:202:15:VL53L0X_SetPowerMode	16	static
vl53l0x_api.c:2863:15:VL53L0X_GetInterruptMaskStatus	16	static
vl53l0x_api.c:2299:15:VL53L0X_GetMeasurementDataReady	16	static
vl53l0x_api.c:2880:15:VL53L0X_EnableInterruptMask	0	static
vl53l0x_api.c:2895:15:VL53L0X_SetSpadAmbientDamperThreshold	16	static
vl53l0x_api.c:2909:15:VL53L0X_GetSpadAmbientDamperThreshold	16	static
vl53l0x_api.c:2923:15:VL53L0X_SetSpadAmbientDamperFactor	16	static
vl53l0x_api.c:2940:15:VL53L0X_GetSpadAmbientDamperFactor	24	static
vl53l0x_api.c:2962:15:VL53L0X_SetReferenceSpads	0	static
vl53l0x_api.c:2975:15:VL53L0X_GetReferenceSpads	0	static
vl53l0x_api.c:2988:15:VL53L0X_PerformRefSpadManagement	0	static
