vl53l0x_api_core.c:62:15:VL53L0X_reverse_bytes	8	static
vl53l0x_api_core.c:79:15:VL53L0X_measurement_poll_for_completion	24	static
vl53l0x_api_core.c:112:9:VL53L0X_decode_vcsel_period	0	static
vl53l0x_api_core.c:126:9:VL53L0X_encode_vcsel_period	0	static
vl53l0x_api_core.c:141:10:VL53L0X_isqrt	0	static
vl53l0x_api_core.c:173:10:VL53L0X_quadrature_sum	0	static
vl53l0x_api_core.c:196:15:VL53L0X_device_read_strobe	24	static
vl53l0x_api_core.c:229:15:VL53L0X_get_info_from_device	104	static
vl53l0x_api_core.c:496:10:VL53L0X_calc_macro_period_ps	0	static
vl53l0x_api_core.c:517:10:VL53L0X_encode_timeout	0	static
vl53l0x_api_core.c:543:10:VL53L0X_decode_timeout	0	static
vl53l0x_api_core.c:559:10:VL53L0X_calc_timeout_mclks	0	static
vl53l0x_api_core.c:706:15:set_sequence_step_timeout.part.1	40	static
vl53l0x_api_core.c:578:10:VL53L0X_calc_timeout_us	8	static
vl53l0x_api_core.c:597:15:get_sequence_step_timeout	40	static
vl53l0x_api_core.c:706:15:set_sequence_step_timeout	24	static
vl53l0x_api_core.c:850:15:VL53L0X_set_vcsel_pulse_period	40	static
vl53l0x_api_core.c:1099:15:VL53L0X_get_vcsel_pulse_period	16	static
vl53l0x_api_core.c:1129:15:VL53L0X_set_measurement_timing_budget_micro_seconds	40	static
vl53l0x_api_core.c:1279:15:VL53L0X_get_measurement_timing_budget_micro_seconds	40	static
vl53l0x_api_core.c:1370:15:VL53L0X_load_tuning_settings	32	static
vl53l0x_api_core.c:1456:15:VL53L0X_get_total_xtalk_rate	24	static
vl53l0x_api_core.c:1492:15:VL53L0X_get_total_signal_rate	16	static
vl53l0x_api_core.c:1513:15:VL53L0X_calc_dmax	24	static
vl53l0x_api_core.c:1705:15:VL53L0X_calc_sigma_estimate	88	static
vl53l0x_api_core.c:2043:15:VL53L0X_get_pal_range_status	80	static
