vl53l0x_api_strings.c:51:15:VL53L0X_check_part_used	24	static
vl53l0x_api_strings.c:82:15:VL53L0X_get_device_info	24	static
vl53l0x_api_strings.c:129:15:VL53L0X_get_device_error_string	8	static
vl53l0x_api_strings.c:208:15:VL53L0X_get_range_status_string	8	static
vl53l0x_api_strings.c:250:15:VL53L0X_get_pal_error_string	8	static
vl53l0x_api_strings.c:340:15:VL53L0X_get_pal_state_string	8	static
vl53l0x_api_strings.c:386:15:VL53L0X_get_sequence_steps_info	8	static
vl53l0x_api_strings.c:425:15:VL53L0X_get_limit_check_info	8	static
