MQTTClient.c:265:6:MQTTCloseSession	0	static
MQTTClient.c:43:12:sendPacket	40	static
MQTTClient.c:274:5:cycle	104	static
MQTTClient.c:407:5:waitfor	24	static
MQTTClient.c:66:6:MQTTClientInit	8	static
MQTTClient.c:357:5:MQTTYield	24	static
MQTTClient.c:378:6:MQTTRun	16	static
MQTTClient.c:425:5:MQTTConnectWithResults	120	static
MQTTClient.c:480:5:MQTTConnect	16	static
MQTTClient.c:487:5:MQTTSetMessageHandler	24	static
MQTTClient.c:529:5:MQTTSubscribeWithResults	88	static
MQTTClient.c:577:5:MQTTSubscribe	24	static
MQTTClient.c:585:5:MQTTUnsubscribe	48	static
MQTTClient.c:629:5:MQTTPublish	72	static
MQTTClient.c:691:5:MQTTDisconnect	16	static
MQTTClient.c:714:5:MQTTIsConnected	0	static
