cJSON.c:486:17:parse_hex4	8	static
cJSON.c:644:19:parse_string	40	static
cJSON.c:909:22:buffer_skip_whitespace	8	static
cJSON.c:1669:15:get_array_item	0	static
cJSON.c:407:13:update_offset	16	static
cJSON.c:327:23:ensure	16	static
cJSON.c:1698:15:get_object_item	32	static
cJSON.c:159:15:cJSON_New_Item.isra.0	8	static
cJSON.c:773:19:print_string_ptr	40	static
cJSON.c:1749:15:create_reference.constprop	8	static
cJSON.c:106:23:cJSON_strdup.isra.1.constprop	16	static
cJSON.c:1197:19:print_value	72	static
cJSON.c:1019:23:print.constprop	64	static
cJSON.c:55:28:cJSON_GetErrorPtr	0	static
cJSON.c:65:27:cJSON_Version	16	static
cJSON.c:127:20:cJSON_InitHooks	8	static
cJSON.c:171:20:cJSON_Delete	16	static
cJSON.c:1141:19:parse_value	104	static
cJSON.c:297:22:cJSON_SetNumberHelper	16	static
cJSON.c:930:23:cJSON_ParseWithOpts	56	static
cJSON.c:1012:23:cJSON_Parse	0	static
cJSON.c:1082:22:cJSON_Print	0	static
cJSON.c:1087:22:cJSON_PrintUnformatted	0	static
cJSON.c:1092:22:cJSON_PrintBuffered	64	static
cJSON.c:1121:26:cJSON_PrintPreallocated	64	static
cJSON.c:1654:19:cJSON_GetArraySize	0	static
cJSON.c:1688:23:cJSON_GetArrayItem	0	static
cJSON.c:1726:23:cJSON_GetObjectItem	0	static
cJSON.c:1731:23:cJSON_GetObjectItemCaseSensitive	0	static
cJSON.c:1736:26:cJSON_HasObjectItem	8	static
cJSON.c:1764:20:cJSON_AddItemToArray	0	static
cJSON.c:1807:20:cJSON_AddItemToObjectCS	16	static
cJSON.c:1791:20:cJSON_AddItemToObject	16	static
cJSON.c:1825:20:cJSON_AddItemReferenceToArray	8	static
cJSON.c:1830:20:cJSON_AddItemReferenceToObject	16	static
cJSON.c:1835:23:cJSON_DetachItemViaPointer	0	static
cJSON.c:1865:23:cJSON_DetachItemFromArray	8	static
cJSON.c:1875:20:cJSON_DeleteItemFromArray	8	static
cJSON.c:1880:23:cJSON_DetachItemFromObject	8	static
cJSON.c:1887:23:cJSON_DetachItemFromObjectCaseSensitive	8	static
cJSON.c:1894:20:cJSON_DeleteItemFromObject	8	static
cJSON.c:1899:20:cJSON_DeleteItemFromObjectCaseSensitive	8	static
cJSON.c:1905:20:cJSON_InsertItemInArray	8	static
cJSON.c:1934:26:cJSON_ReplaceItemViaPointer	8	static
cJSON.c:1969:20:cJSON_ReplaceItemInArray	8	static
cJSON.c:1979:20:cJSON_ReplaceItemInObject	16	static
cJSON.c:1984:20:cJSON_ReplaceItemInObjectCaseSensitive	16	static
cJSON.c:1990:23:cJSON_CreateNull	8	static
cJSON.c:2001:23:cJSON_CreateTrue	8	static
cJSON.c:2012:23:cJSON_CreateFalse	8	static
cJSON.c:2023:23:cJSON_CreateBool	8	static
cJSON.c:2034:23:cJSON_CreateNumber	16	static
cJSON.c:2060:23:cJSON_CreateString	16	static
cJSON.c:2077:23:cJSON_CreateRaw	16	static
cJSON.c:2094:23:cJSON_CreateArray	8	static
cJSON.c:2105:23:cJSON_CreateObject	8	static
cJSON.c:2117:23:cJSON_CreateIntArray	32	static
cJSON.c:2152:23:cJSON_CreateFloatArray	32	static
cJSON.c:2188:23:cJSON_CreateDoubleArray	32	static
cJSON.c:2224:23:cJSON_CreateStringArray	32	static
cJSON.c:2261:23:cJSON_Duplicate	16	static
cJSON.c:2340:20:cJSON_Minify	8	static
cJSON.c:2404:26:cJSON_IsInvalid	0	static
cJSON.c:2414:26:cJSON_IsFalse	0	static
cJSON.c:2424:26:cJSON_IsTrue	0	static
cJSON.c:2435:26:cJSON_IsBool	0	static
cJSON.c:2444:26:cJSON_IsNull	0	static
cJSON.c:2454:26:cJSON_IsNumber	0	static
cJSON.c:2464:26:cJSON_IsString	0	static
cJSON.c:2474:26:cJSON_IsArray	0	static
cJSON.c:2484:26:cJSON_IsObject	0	static
cJSON.c:2494:26:cJSON_IsRaw	0	static
cJSON.c:2504:26:cJSON_Compare	16	static
cJSON.c:2605:22:cJSON_malloc	0	static
cJSON.c:2610:20:cJSON_free	0	static
