GenericMQTTXcubeSample.c:216:5:network_read	8	static
GenericMQTTXcubeSample.c:238:5:network_write	8	static
GenericMQTTXcubeSample.c:257:6:allpurposeMessageHandler	24	static
GenericMQTTXcubeSample.c:153:5:cloud_device_enter_credentials	448	static
GenericMQTTXcubeSample.c:830:5:stiot_publish	32	static
GenericMQTTXcubeSample.c:851:5:string_allocate_from_token	24	static
GenericMQTTXcubeSample.c:935:6:free_device_config	8	static
GenericMQTTXcubeSample.c:886:5:parse_and_fill_device_config	24	static
GenericMQTTXcubeSample.c:182:6:app_needs_device_keypair	16	static
GenericMQTTXcubeSample.c:966:9:comp_left_ms	0	static
GenericMQTTXcubeSample.c:345:6:genericmqtt_client_XCube_sample_run	392	static
