bignum.c:407:12:mpi_get_digit	8	static
bignum.c:943:13:mpi_sub_hlp	20	static
bignum.c:1109:6:mpi_mul_hlp	48	static,ignoring_inline_asm
bignum.c:82:6:mbedtls_mpi_init	0	static
bignum.c:95:6:mbedtls_mpi_free	8	static
bignum.c:114:5:mbedtls_mpi_grow	16	static
bignum.c:144:5:mbedtls_mpi_shrink	16	static
bignum.c:180:5:mbedtls_mpi_copy	24	static
bignum.c:214:6:mbedtls_mpi_swap	24	static
bignum.c:228:5:mbedtls_mpi_safe_cond_assign	24	static
bignum.c:256:5:mbedtls_mpi_safe_cond_swap	24	static
bignum.c:290:5:mbedtls_mpi_lset	16	static
bignum.c:308:5:mbedtls_mpi_get_bit	0	static
bignum.c:319:5:mbedtls_mpi_set_bit	24	static
bignum.c:347:8:mbedtls_mpi_lsb	20	static
bignum.c:380:8:mbedtls_mpi_bitlen	0	static
bignum.c:399:8:mbedtls_mpi_size	8	static
bignum.c:672:5:mbedtls_mpi_read_binary	24	static
bignum.c:695:5:mbedtls_mpi_write_binary	24	static
bignum.c:715:5:mbedtls_mpi_shift_l	24	static
bignum.c:765:5:mbedtls_mpi_shift_r	16	static
bignum.c:808:5:mbedtls_mpi_cmp_abs	16	static
bignum.c:1550:12:mpi_montmul	56	static
bignum.c:838:5:mbedtls_mpi_cmp_mpi	16	static
bignum.c:871:5:mbedtls_mpi_cmp_int	24	static
bignum.c:887:5:mbedtls_mpi_add_abs	24	static
bignum.c:964:5:mbedtls_mpi_sub_abs	40	static
bignum.c:1007:5:mbedtls_mpi_add_mpi	24	static
bignum.c:1038:5:mbedtls_mpi_sub_mpi	24	static
bignum.c:1069:5:mbedtls_mpi_add_int	24	static
bignum.c:1085:5:mbedtls_mpi_sub_int	24	static
bignum.c:1173:5:mbedtls_mpi_mul_mpi	56	static
bignum.c:1210:5:mbedtls_mpi_mul_int	24	static
bignum.c:424:5:mbedtls_mpi_read_string	48	static
bignum.c:1322:5:mbedtls_mpi_div_mpi	136	static
bignum.c:1437:5:mbedtls_mpi_div_int	24	static
bignum.c:1453:5:mbedtls_mpi_mod_mpi	16	static
bignum.c:1476:5:mbedtls_mpi_mod_int	20	static
bignum.c:496:12:mpi_write_hlp	32	static
bignum.c:523:5:mbedtls_mpi_write_string	40	static
bignum.c:1607:5:mbedtls_mpi_exp_mod	1656	static
bignum.c:1815:5:mbedtls_mpi_gcd	64	static
bignum.c:1871:5:mbedtls_mpi_fill_random	1040	static
bignum.c:1891:5:mbedtls_mpi_inv_mod	136	static
bignum.c:2287:5:mbedtls_mpi_self_test	120	static
