ctr_drbg.c:521:12:ctr_drbg_self_test_entropy	16	static
ctr_drbg.c:142:12:block_cipher_df	824	static
ctr_drbg.c:232:12:ctr_drbg_update_internal	72	static
ctr_drbg.c:115:6:mbedtls_ctr_drbg_free.part.0	8	static
ctr_drbg.c:60:6:mbedtls_ctr_drbg_init	0	static
ctr_drbg.c:115:6:mbedtls_ctr_drbg_free	0	static
ctr_drbg.c:127:6:mbedtls_ctr_drbg_set_prediction_resistance	0	static
ctr_drbg.c:132:6:mbedtls_ctr_drbg_set_entropy_len	0	static
ctr_drbg.c:137:6:mbedtls_ctr_drbg_set_reseed_interval	0	static
ctr_drbg.c:270:6:mbedtls_ctr_drbg_update	56	static
ctr_drbg.c:287:5:mbedtls_ctr_drbg_reseed	408	static
ctr_drbg.c:73:5:mbedtls_ctr_drbg_seed_entropy_len	56	static
ctr_drbg.c:105:5:mbedtls_ctr_drbg_seed	16	static
ctr_drbg.c:333:5:mbedtls_ctr_drbg_random_with_add	88	static
ctr_drbg.c:399:5:mbedtls_ctr_drbg_random	16	static
ctr_drbg.c:540:5:mbedtls_ctr_drbg_self_test	360	static
