ecp.c:262:30:ecp_get_type	0	static
ecp.c:888:12:ecp_safe_invert_jac	32	static
ecp.c:1284:12:ecp_select_comb	48	static
ecp.c:668:12:ecp_modp	16	static
ecp.c:923:12:ecp_double_jac	80	static
ecp.c:748:12:ecp_normalize_jac	48	static
ecp.c:800:12:ecp_normalize_jac_many	88	static
ecp.c:276:6:mbedtls_ecp_point_init.part.2	8	static
ecp.c:313:6:mbedtls_ecp_point_free.part.4	8	static
ecp.c:174:31:mbedtls_ecp_curve_list	0	static
ecp.c:182:29:mbedtls_ecp_grp_id_list	12	static
ecp.c:208:31:mbedtls_ecp_curve_info_from_grp_id	8	static
ecp.c:226:31:mbedtls_ecp_curve_info_from_tls_id	0	static
ecp.c:244:31:mbedtls_ecp_curve_info_from_name	16	static
ecp.c:276:6:mbedtls_ecp_point_init	0	static
ecp.c:289:6:mbedtls_ecp_group_init	0	static
ecp.c:300:6:mbedtls_ecp_keypair_init	8	static
ecp.c:313:6:mbedtls_ecp_point_free	0	static
ecp.c:326:6:mbedtls_ecp_group_free	16	static
ecp.c:355:6:mbedtls_ecp_keypair_free	8	static
ecp.c:368:5:mbedtls_ecp_copy	16	static
ecp.c:383:5:mbedtls_ecp_group_copy	0	static
ecp.c:391:5:mbedtls_ecp_set_zero	8	static
ecp.c:1021:12:ecp_add_mixed	128	static
ecp.c:1351:12:ecp_mul_comb	456	static
ecp.c:406:5:mbedtls_ecp_is_zero	8	static
ecp.c:414:5:mbedtls_ecp_point_cmp	16	static
ecp.c:430:5:mbedtls_ecp_point_read_string	16	static
ecp.c:446:5:mbedtls_ecp_point_write_binary	32	static
ecp.c:502:5:mbedtls_ecp_point_read_binary	24	static
ecp.c:541:5:mbedtls_ecp_tls_read_point	8	static
ecp.c:572:5:mbedtls_ecp_tls_write_point	24	static
ecp.c:600:5:mbedtls_ecp_tls_read_group	8	static
ecp.c:633:5:mbedtls_ecp_tls_write_group	16	static
ecp.c:1865:5:mbedtls_ecp_check_pubkey	48	static
ecp.c:1885:5:mbedtls_ecp_check_privkey	16	static
ecp.c:1675:5:mbedtls_ecp_mul	32	static
ecp.c:1775:12:mbedtls_ecp_mul_shortcuts	32	static
ecp.c:1805:5:mbedtls_ecp_muladd	64	static
ecp.c:1918:5:mbedtls_ecp_gen_keypair_base	120	static
ecp.c:2000:5:mbedtls_ecp_gen_keypair	16	static
ecp.c:2011:5:mbedtls_ecp_gen_key	24	static
ecp.c:2025:5:mbedtls_ecp_check_pub_priv	192	static
ecp.c:2069:5:mbedtls_ecp_self_test	280	static
