md.c:94:12:mbedtls_md_list	0	static
md.c:99:26:mbedtls_md_info_from_string	8	static
md.c:140:26:mbedtls_md_info_from_type	0	static
md.c:181:6:mbedtls_md_init	0	static
md.c:186:6:mbedtls_md_free	8	static
md.c:203:5:mbedtls_md_clone	8	static
md.c:225:5:mbedtls_md_setup	16	static
md.c:248:5:mbedtls_md_starts	8	static
md.c:258:5:mbedtls_md_update	8	static
md.c:268:5:mbedtls_md_finish	8	static
md.c:278:5:mbedtls_md	16	static
md.c:330:5:mbedtls_md_hmac_starts	88	static
md.c:369:5:mbedtls_md_hmac_update	8	static
md.c:379:5:mbedtls_md_hmac_finish	88	static
md.c:398:5:mbedtls_md_hmac_reset	16	static
md.c:413:5:mbedtls_md_hmac	40	static
md.c:437:5:mbedtls_md_process	8	static
md.c:447:15:mbedtls_md_get_size	0	static
md.c:455:19:mbedtls_md_get_type	0	static
md.c:463:13:mbedtls_md_get_name	0	static
