md_wrap.c:238:13:md5_process_wrap	0	static
md_wrap.c:232:13:md5_clone_wrap	0	static
md_wrap.c:226:13:md5_ctx_free	8	static
md_wrap.c:216:14:md5_ctx_alloc	8	static
md_wrap.c:211:13:md5_finish_wrap	0	static
md_wrap.c:205:13:md5_update_wrap	0	static
md_wrap.c:200:13:md5_starts_wrap	0	static
md_wrap.c:362:13:sha1_process_wrap	0	static
md_wrap.c:350:13:sha1_clone_wrap	0	static
md_wrap.c:356:13:sha1_ctx_free	8	static
md_wrap.c:340:14:sha1_ctx_alloc	8	static
md_wrap.c:335:13:sha1_finish_wrap	0	static
md_wrap.c:329:13:sha1_update_wrap	0	static
md_wrap.c:324:13:sha1_starts_wrap	0	static
md_wrap.c:433:13:sha224_process_wrap	0	static
md_wrap.c:427:13:sha224_clone_wrap	0	static
md_wrap.c:421:13:sha224_ctx_free	8	static
md_wrap.c:411:14:sha224_ctx_alloc	8	static
md_wrap.c:405:13:sha224_wrap	0	static
md_wrap.c:458:13:sha256_wrap	0	static
md_wrap.c:400:13:sha224_finish_wrap	0	static
md_wrap.c:394:13:sha224_update_wrap	0	static
md_wrap.c:389:13:sha224_starts_wrap	0	static
md_wrap.c:453:13:sha256_starts_wrap	0	static
md_wrap.c:527:13:sha384_process_wrap	0	static
md_wrap.c:521:13:sha384_clone_wrap	0	static
md_wrap.c:515:13:sha384_ctx_free	8	static
md_wrap.c:505:14:sha384_ctx_alloc	8	static
md_wrap.c:499:13:sha384_wrap	0	static
md_wrap.c:552:13:sha512_wrap	0	static
md_wrap.c:494:13:sha384_finish_wrap	0	static
md_wrap.c:488:13:sha384_update_wrap	0	static
md_wrap.c:483:13:sha384_starts_wrap	0	static
md_wrap.c:547:13:sha512_starts_wrap	0	static
