rsa.c:70:13:mbedtls_zeroize	0	static
rsa.c:569:13:mgf_mask	120	static
rsa.c:1729:12:myrand	16	static
rsa.c:77:6:mbedtls_rsa_init	16	static
rsa.c:93:6:mbedtls_rsa_set_padding	0	static
rsa.c:183:5:mbedtls_rsa_check_pubkey	16	static
rsa.c:206:5:mbedtls_rsa_check_privkey	192	static
rsa.c:268:5:mbedtls_rsa_check_pub_priv	16	static
rsa.c:288:5:mbedtls_rsa_public	48	static
rsa.c:393:5:mbedtls_rsa_private	152	static
rsa.c:613:5:mbedtls_rsa_rsaes_oaep_encrypt	80	static
rsa.c:690:5:mbedtls_rsa_rsaes_pkcs1_v15_encrypt	48	static
rsa.c:756:5:mbedtls_rsa_pkcs1_encrypt	48	static
rsa.c:786:5:mbedtls_rsa_rsaes_oaep_decrypt	1160	static
rsa.c:921:5:mbedtls_rsa_rsaes_pkcs1_v15_decrypt	1056	static
rsa.c:1017:5:mbedtls_rsa_pkcs1_decrypt	48	static
rsa.c:1049:5:mbedtls_rsa_rsassa_pss_sign	152	static
rsa.c:1152:5:mbedtls_rsa_rsassa_pkcs1_v15_sign	72	static
rsa.c:1276:5:mbedtls_rsa_pkcs1_sign	8	static
rsa.c:1308:5:mbedtls_rsa_rsassa_pss_verify_ext	1168	static
rsa.c:1434:5:mbedtls_rsa_rsassa_pss_verify	40	static
rsa.c:1459:5:mbedtls_rsa_rsassa_pkcs1_v15_verify	1088	static
rsa.c:1589:5:mbedtls_rsa_pkcs1_verify	8	static
rsa.c:1657:6:mbedtls_rsa_free	8	static
rsa.c:1620:5:mbedtls_rsa_copy	16	static
rsa.c:1753:5:mbedtls_rsa_self_test	416	static
