ssl_tls.c:57:13:mbedtls_zeroize	0	static
ssl_tls.c:5938:12:ssl_append_key_cert	16	static
ssl_tls.c:5044:13:ssl_calc_finished_tls_sha256	192	static
ssl_tls.c:1040:6:ssl_calc_verify_tls_sha256	144	static
ssl_tls.c:367:12:tls_prf_generic	256	static
ssl_tls.c:431:12:tls_prf_sha256	24	static
ssl_tls.c:442:12:tls_prf_sha384	24	static
ssl_tls.c:5093:13:ssl_calc_finished_tls_sha384	312	static
ssl_tls.c:1061:6:ssl_calc_verify_tls_sha384	248	static
ssl_tls.c:4882:13:ssl_update_checksum_sha256	0	static
ssl_tls.c:4890:13:ssl_update_checksum_sha384	0	static
ssl_tls.c:4852:13:ssl_update_checksum_start	16	static
ssl_tls.c:77:13:ssl_set_timer	24	static
ssl_tls.c:484:5:mbedtls_ssl_derive_keys	392	static
ssl_tls.c:2203:5:mbedtls_ssl_fetch_input	56	static
ssl_tls.c:2411:5:mbedtls_ssl_flush_output	40	static
ssl_tls.c:2696:5:mbedtls_ssl_write_record	96	static
ssl_tls.c:3073:5:mbedtls_ssl_prepare_handshake_record	32	static
ssl_tls.c:3158:6:mbedtls_ssl_update_handshake_status	4	static
ssl_tls.c:4035:5:mbedtls_ssl_handle_message_type	24	static
ssl_tls.c:4115:5:mbedtls_ssl_send_alert_message	40	static
ssl_tls.c:4101:5:mbedtls_ssl_send_fatal_handshake_failure	0	static
ssl_tls.c:3759:5:mbedtls_ssl_read_record_layer	128	static
ssl_tls.c:3717:5:mbedtls_ssl_read_record	24	static
ssl_tls.c:4196:5:mbedtls_ssl_write_certificate	40	static
ssl_tls.c:4696:5:mbedtls_ssl_write_change_cipher_spec	24	static
ssl_tls.c:4719:5:mbedtls_ssl_parse_change_cipher_spec	24	static
ssl_tls.c:4806:6:mbedtls_ssl_optimize_checksum	0	static
ssl_tls.c:4835:6:mbedtls_ssl_reset_checksum	8	static
ssl_tls.c:5229:5:mbedtls_ssl_write_finished	24	static
ssl_tls.c:5353:5:mbedtls_ssl_parse_finished	48	static
ssl_tls.c:5491:6:mbedtls_ssl_session_init	0	static
ssl_tls.c:5597:6:mbedtls_ssl_init	0	static
ssl_tls.c:5781:6:mbedtls_ssl_conf_endpoint	0	static
ssl_tls.c:5786:6:mbedtls_ssl_conf_transport	0	static
ssl_tls.c:5813:6:mbedtls_ssl_conf_authmode	0	static
ssl_tls.c:5819:6:mbedtls_ssl_conf_verify	0	static
ssl_tls.c:5828:6:mbedtls_ssl_conf_rng	0	static
ssl_tls.c:5836:6:mbedtls_ssl_conf_dbg	0	static
ssl_tls.c:5844:6:mbedtls_ssl_set_bio	0	static
ssl_tls.c:5856:6:mbedtls_ssl_conf_read_timeout	0	static
ssl_tls.c:5861:6:mbedtls_ssl_set_timer_cb	4	static
ssl_tls.c:5908:6:mbedtls_ssl_conf_ciphersuites	0	static
ssl_tls.c:5917:6:mbedtls_ssl_conf_ciphersuites_for_version	0	static
ssl_tls.c:5931:6:mbedtls_ssl_conf_cert_profile	0	static
ssl_tls.c:5968:5:mbedtls_ssl_conf_own_cert	0	static
ssl_tls.c:5975:6:mbedtls_ssl_conf_ca_chain	0	static
ssl_tls.c:5985:5:mbedtls_ssl_set_hs_own_cert	0	static
ssl_tls.c:5993:6:mbedtls_ssl_set_hs_ca_chain	0	static
ssl_tls.c:6001:6:mbedtls_ssl_set_hs_authmode	0	static
ssl_tls.c:6157:6:mbedtls_ssl_conf_sig_hashes	0	static
ssl_tls.c:6168:6:mbedtls_ssl_conf_curves	0	static
ssl_tls.c:6176:5:mbedtls_ssl_set_hostname	16	static
ssl_tls.c:6205:6:mbedtls_ssl_conf_sni	0	static
ssl_tls.c:6216:5:mbedtls_ssl_conf_alpn_protocols	24	static
ssl_tls.c:6241:13:mbedtls_ssl_get_alpn_protocol	0	static
ssl_tls.c:6247:6:mbedtls_ssl_conf_max_version	0	static
ssl_tls.c:6253:6:mbedtls_ssl_conf_min_version	0	static
ssl_tls.c:6282:6:mbedtls_ssl_conf_extended_master_secret	0	static
ssl_tls.c:6296:5:mbedtls_ssl_conf_max_frag_len	0	static
ssl_tls.c:6311:6:mbedtls_ssl_conf_truncated_hmac	0	static
ssl_tls.c:6324:6:mbedtls_ssl_conf_legacy_renegotiation	0	static
ssl_tls.c:6330:6:mbedtls_ssl_conf_renegotiation	0	static
ssl_tls.c:6335:6:mbedtls_ssl_conf_renegotiation_enforced	0	static
ssl_tls.c:6340:6:mbedtls_ssl_conf_renegotiation_period	0	static
ssl_tls.c:6349:6:mbedtls_ssl_conf_session_tickets	0	static
ssl_tls.c:6381:8:mbedtls_ssl_get_bytes_avail	0	static
ssl_tls.c:6386:10:mbedtls_ssl_get_verify_result	0	static
ssl_tls.c:6397:13:mbedtls_ssl_get_ciphersuite	0	static
ssl_tls.c:6405:13:mbedtls_ssl_get_version	0	static
ssl_tls.c:6443:5:mbedtls_ssl_get_record_expansion	16	static
ssl_tls.c:6478:8:mbedtls_ssl_get_max_frag_len	0	static
ssl_tls.c:6501:25:mbedtls_ssl_get_peer_cert	0	static
ssl_tls.c:6528:5:mbedtls_ssl_handshake_step	0	static
ssl_tls.c:6550:5:mbedtls_ssl_handshake	24	static
ssl_tls.c:7179:5:mbedtls_ssl_close_notify	24	static
ssl_tls.c:7207:6:mbedtls_ssl_transform_free	8	static
ssl_tls.c:7240:6:mbedtls_ssl_handshake_free	16	static
ssl_tls.c:7316:6:mbedtls_ssl_session_free	16	static
ssl_tls.c:5167:6:mbedtls_ssl_handshake_wrapup	24	static
ssl_tls.c:159:12:ssl_session_copy	16	static
ssl_tls.c:5887:5:mbedtls_ssl_set_session	8	static
ssl_tls.c:6511:5:mbedtls_ssl_get_session	0	static
ssl_tls.c:5496:12:ssl_handshake_init	24	static
ssl_tls.c:5605:5:mbedtls_ssl_setup	24	static
ssl_tls.c:6608:12:ssl_start_renegotiation	24	static
ssl_tls.c:6648:5:mbedtls_ssl_renegotiate	24	static
ssl_tls.c:6704:12:ssl_check_ctr_renegotiate	24	static
ssl_tls.c:7139:5:mbedtls_ssl_write	32	static
ssl_tls.c:6735:5:mbedtls_ssl_read	32	static
ssl_tls.c:5773:5:mbedtls_ssl_session_reset	16	static
ssl_tls.c:7339:6:mbedtls_ssl_free	24	static
ssl_tls.c:7418:6:mbedtls_ssl_config_init	0	static
ssl_tls.c:7465:5:mbedtls_ssl_config_defaults	8	static
ssl_tls.c:7618:6:mbedtls_ssl_config_free	16	static
ssl_tls.c:7649:15:mbedtls_ssl_sig_from_pk	8	static
ssl_tls.c:7662:15:mbedtls_ssl_sig_from_pk_alg	0	static
ssl_tls.c:7675:19:mbedtls_ssl_pk_alg_from_sig	0	static
ssl_tls.c:7697:19:mbedtls_ssl_sig_hash_set_find	0	static
ssl_tls.c:7712:6:mbedtls_ssl_sig_hash_set_add	0	static
ssl_tls.c:7734:6:mbedtls_ssl_sig_hash_set_const_hash	0	static
ssl_tls.c:7747:19:mbedtls_ssl_md_alg_from_hash	0	static
ssl_tls.c:7779:15:mbedtls_ssl_hash_from_md_alg	0	static
ssl_tls.c:7813:5:mbedtls_ssl_check_curve	0	static
ssl_tls.c:7833:5:mbedtls_ssl_check_sig_hash	0	static
ssl_tls.c:7850:5:mbedtls_ssl_check_cert_usage	24	static
ssl_tls.c:4312:5:mbedtls_ssl_parse_certificate	48	static
ssl_tls.c:7949:6:mbedtls_ssl_write_version	0	static
ssl_tls.c:7971:6:mbedtls_ssl_read_version	0	static
ssl_tls.c:7993:5:mbedtls_ssl_set_calc_verify_md	0	static
