x509_crt.c:79:13:mbedtls_zeroize	0	static
x509_crt.c:1728:12:x509_memcasecmp	16	static
x509_crt.c:1822:12:x509_name_cmp	24	static
x509_crt.c:1757:12:x509_check_wildcard	16	static
x509_crt.c:277:12:x509_get_uid	16	static
x509_crt.c:177:12:x509_profile_check_key	8	static
x509_crt.c:1362:5:mbedtls_x509_crt_info	88	static
x509_crt.c:1523:5:mbedtls_x509_crt_verify_info	40	static
x509_crt.c:1552:5:mbedtls_x509_crt_check_key_usage	0	static
x509_crt.c:1861:12:x509_crt_check_parent	24	static
x509_crt.c:1577:5:mbedtls_x509_crt_check_extended_key_usage	24	static
x509_crt.c:1612:5:mbedtls_x509_crt_is_revoked	16	static
x509_crt.c:1635:12:x509_crt_verifycrl.part.7	136	static
x509_crt.c:1900:12:x509_crt_verify_top	152	static
x509_crt.c:2043:12:x509_crt_verify_child	152	static
x509_crt.c:2193:5:mbedtls_x509_crt_verify_with_profile	72	static
x509_crt.c:2178:5:mbedtls_x509_crt_verify	24	static
x509_crt.c:2338:6:mbedtls_x509_crt_init	0	static
x509_crt.c:2346:6:mbedtls_x509_crt_free	24	static
x509_crt.c:921:5:mbedtls_x509_crt_parse_der	144	static
x509_crt.c:972:5:mbedtls_x509_crt_parse	72	static
