x509.c:483:12:x509_parse_int	16	static
x509.c:955:12:x509_check_time	12	static
x509.c:917:12:x509_get_current_time	16	static
x509.c:88:5:mbedtls_x509_get_serial	16	static
x509.c:119:5:mbedtls_x509_get_alg_null	8	static
x509.c:133:5:mbedtls_x509_get_alg	8	static
x509.c:213:5:mbedtls_x509_get_rsassa_pss_params	88	static
x509.c:430:5:mbedtls_x509_get_name	40	static
x509.c:595:5:mbedtls_x509_get_time	32	static
x509.c:625:5:mbedtls_x509_get_sig	24	static
x509.c:652:5:mbedtls_x509_get_sig_alg	24	static
x509.c:701:5:mbedtls_x509_get_ext	24	static
x509.c:742:5:mbedtls_x509_dn_gets	304	static
x509.c:804:5:mbedtls_x509_serial_gets	48	static
x509.c:838:5:mbedtls_x509_sig_alg_gets	48	static
x509.c:883:5:mbedtls_x509_key_size_helper	8	static
x509.c:993:5:mbedtls_x509_time_is_past	32	static
x509.c:1003:5:mbedtls_x509_time_is_future	32	static
x509.c:1036:5:mbedtls_x509_self_test	0	static
