es_wifi_io.c:467:6:SPI_WIFI_DelayUs	32	static
es_wifi_io.c:330:5:wait_spi_tx_event	16	static
es_wifi_io.c:99:6:SPI_WIFI_MspInit	64	static
es_wifi_io.c:222:8:SPI_WIFI_ResetModule	32	static
es_wifi_io.c:171:8:SPI_WIFI_Init	16	static
es_wifi_io.c:258:8:SPI_WIFI_DeInit	8	static
es_wifi_io.c:349:9:SPI_WIFI_ReceiveData	48	static
es_wifi_io.c:408:9:SPI_WIFI_SendData	40	static
es_wifi_io.c:457:6:SPI_WIFI_Delay	0	static
es_wifi_io.c:499:6:HAL_SPI_RxCpltCallback	0	static
es_wifi_io.c:514:6:HAL_SPI_TxCpltCallback	0	static
es_wifi_io.c:529:9:SPI_WIFI_ISR	0	static
