wifi.c:58:15:WIFI_Init	16	static
wifi.c:84:15:WIFI_ListAccessPoints	496	static
wifi.c:119:15:WIFI_Connect	8	static
wifi.c:141:15:WIFI_GetMAC_Address	8	static
wifi.c:156:15:WIFI_GetIP_Address	16	static
wifi.c:173:15:WIFI_Disconnect	8	static
wifi.c:194:15:WIFI_ConfigureAP	88	static
wifi.c:217:15:WIFI_HandleAPEvents	16	static
wifi.c:254:15:WIFI_Ping	8	static
wifi.c:271:15:WIFI_GetHostAddress	8	static
wifi.c:291:15:WIFI_OpenClientConnection	32	static
wifi.c:320:15:WIFI_CloseClientConnection	32	static
wifi.c:340:15:WIFI_StartServer	32	static
wifi.c:364:15:WIFI_WaitServerConnection	40	static
wifi.c:401:15:WIFI_CloseServerConnection	8	static
wifi.c:416:15:WIFI_StopServer	8	static
wifi.c:432:15:WIFI_SendData	16	static
wifi.c:446:15:WIFI_SendDataTo	24	static
wifi.c:464:15:WIFI_ReceiveData	16	static
wifi.c:476:15:WIFI_ReceiveDataFrom	24	static
wifi.c:493:15:WIFI_SetOEMProperties	8	static
wifi.c:511:15:WIFI_ResetModule	8	static
wifi.c:526:15:WIFI_SetModuleDefault	8	static
wifi.c:543:15:WIFI_ModuleFirmwareUpdate	0	static
wifi.c:553:15:WIFI_GetModuleFwRevision	8	static
wifi.c:570:15:WIFI_GetModuleID	8	static
wifi.c:587:15:WIFI_GetModuleName	8	static
