stm32l4xx_hal_rng.c:198:13:HAL_RNG_MspInit	0	static
stm32l4xx_hal_rng.c:116:19:HAL_RNG_Init	8	static
stm32l4xx_hal_rng.c:213:13:HAL_RNG_MspDeInit	0	static
stm32l4xx_hal_rng.c:161:19:HAL_RNG_DeInit	8	static
stm32l4xx_hal_rng.c:252:19:HAL_RNG_GenerateRandomNumber	24	static
stm32l4xx_hal_rng.c:305:19:HAL_RNG_GenerateRandomNumber_IT	0	static
stm32l4xx_hal_rng.c:397:10:HAL_RNG_GetRandomNumber	8	static
stm32l4xx_hal_rng.c:416:10:HAL_RNG_GetRandomNumber_IT	0	static
stm32l4xx_hal_rng.c:443:10:HAL_RNG_ReadLastRandomNumber	0	static
stm32l4xx_hal_rng.c:454:13:HAL_RNG_ReadyDataCallback	0	static
stm32l4xx_hal_rng.c:470:13:HAL_RNG_ErrorCallback	0	static
stm32l4xx_hal_rng.c:355:6:HAL_RNG_IRQHandler	8	static
stm32l4xx_hal_rng.c:503:22:HAL_RNG_GetState	0	static
