stm32l4xx_hal_sram.c:250:13:HAL_SRAM_DMA_XferErrorCallback	0	static
stm32l4xx_hal_sram.c:234:13:HAL_SRAM_DMA_XferCpltCallback	0	static
stm32l4xx_hal_sram.c:202:13:HAL_SRAM_MspInit	0	static
stm32l4xx_hal_sram.c:142:19:HAL_SRAM_Init	16	static
stm32l4xx_hal_sram.c:218:13:HAL_SRAM_MspDeInit	0	static
stm32l4xx_hal_sram.c:180:20:HAL_SRAM_DeInit	8	static
stm32l4xx_hal_sram.c:287:19:HAL_SRAM_Read_8b	12	static
stm32l4xx_hal_sram.c:323:19:HAL_SRAM_Write_8b	12	static
stm32l4xx_hal_sram.c:365:19:HAL_SRAM_Read_16b	12	static
stm32l4xx_hal_sram.c:401:19:HAL_SRAM_Write_16b	12	static
stm32l4xx_hal_sram.c:443:19:HAL_SRAM_Read_32b	12	static
stm32l4xx_hal_sram.c:477:19:HAL_SRAM_Write_32b	12	static
stm32l4xx_hal_sram.c:517:19:HAL_SRAM_Read_DMA	16	static
stm32l4xx_hal_sram.c:550:19:HAL_SRAM_Write_DMA	16	static
stm32l4xx_hal_sram.c:605:19:HAL_SRAM_WriteOperation_Enable	16	static
stm32l4xx_hal_sram.c:628:19:HAL_SRAM_WriteOperation_Disable	8	static
stm32l4xx_hal_sram.c:673:23:HAL_SRAM_GetState	0	static
