es_wifi.c:133:16:ParseNumber	20	static
es_wifi.c:163:13:ParseMAC	20	static
es_wifi.c:183:14:ParseIP	32	static
es_wifi.c:590:25:AT_ExecuteCommand	16	static
es_wifi.c:635:25:AT_RequestSendData	32	static
es_wifi.c:698:25:AT_RequestReceiveData	32	static
es_wifi.c:755:19:ES_WIFI_Init	32	static
es_wifi.c:782:19:ES_WIFI_GetProductID	8	static
es_wifi.c:794:19:ES_WIFI_GetFWRevID	8	static
es_wifi.c:806:19:ES_WIFI_GetProductName	8	static
es_wifi.c:818:19:ES_WIFI_GetAPIRev	8	static
es_wifi.c:830:19:ES_WIFI_GetStackRev	8	static
es_wifi.c:842:19:ES_WIFI_GetRTOSRev	8	static
es_wifi.c:854:19:ES_WIFI_RegisterBusIO	12	static
es_wifi.c:880:19:ES_WIFI_SetTimeout	0	static
es_wifi.c:892:19:ES_WIFI_ListAccessPoints	40	static
es_wifi.c:914:18:ES_WIFI_Connect	24	static
es_wifi.c:953:9:ES_WIFI_IsConnected	8	static
es_wifi.c:972:18:ES_WIFI_Disconnect	8	static
es_wifi.c:987:18:ES_WIFI_GetNetworkSettings	32	static
es_wifi.c:1012:18:ES_WIFI_ActivateAP	16	static
es_wifi.c:1066:19:ES_WIFI_WaitAPStateChange	32	static
es_wifi.c:1134:18:ES_WIFI_GetMACAddress	16	static
es_wifi.c:1157:18:ES_WIFI_GetIPAddress	0	static
es_wifi.c:1169:18:ES_WIFI_SetMACAddress	32	static
es_wifi.c:1190:18:ES_WIFI_ResetToFactoryDefault	8	static
es_wifi.c:1205:18:ES_WIFI_ResetModule	16	static
es_wifi.c:1229:18:ES_WIFI_HardResetModule	8	static
es_wifi.c:1244:18:ES_WIFI_SetProductName	16	static
es_wifi.c:1329:18:ES_WIFI_GetSystemConfig	24	static
es_wifi.c:1351:18:ES_WIFI_Ping	32	static
es_wifi.c:1389:18:ES_WIFI_DNS_LookUp	16	static
es_wifi.c:1414:18:ES_WIFI_StartClientConnection	24	static
es_wifi.c:1463:18:ES_WIFI_StopClientConnection	16	static
es_wifi.c:1551:18:ES_WIFI_StartServerSingleConn	16	static
es_wifi.c:1617:19:ES_WIFI_WaitServerConnection	40	static
es_wifi.c:1705:18:ES_WIFI_CloseServerConnection	16	static
es_wifi.c:1736:18:ES_WIFI_StopServerSingleConn	16	static
es_wifi.c:1769:18:ES_WIFI_StartServerMultiConn	16	static
es_wifi.c:1830:18:ES_WIFI_StopServerMultiConn	32	static
es_wifi.c:1890:18:ES_WIFI_SendData	40	static
es_wifi.c:1940:19:ES_WIFI_SendDataTo	40	static
es_wifi.c:2026:18:ES_WIFI_ReceiveData	40	static
es_wifi.c:2075:19:ES_WIFI_ReceiveDataFrom	64	static
